EN statemachine NULL E:/ISE/alu/statemachine.vhd sub00/vhpl00 1476838118
AR alu behavioral E:/ISE/alu/alu.vhd sub00/vhpl03 1476838121
EN top NULL E:/ISE/alu/top.vhd sub00/vhpl06 1476838124
AR seloutput behavioral E:/ISE/alu/selOutput.vhd sub00/vhpl05 1476838123
AR top structual E:/ISE/alu/top.vhd sub00/vhpl07 1476838125
EN seloutput NULL E:/ISE/alu/selOutput.vhd sub00/vhpl04 1476838122
AR statemachine behavioral E:/ISE/alu/statemachine.vhd sub00/vhpl01 1476838119
EN alu NULL E:/ISE/alu/alu.vhd sub00/vhpl02 1476838120
