EN statemachine NULL E:/ISE/alu/statemachine.vhd sub00/vhpl00 1476782588
AR alu behavioral E:/ISE/alu/alu.vhd sub00/vhpl03 1476782591
EN top NULL E:/ISE/alu/top.vhd sub00/vhpl06 1476782594
AR seloutput behavioral E:/ISE/alu/selOutput.vhd sub00/vhpl05 1476782593
AR top structual E:/ISE/alu/top.vhd sub00/vhpl07 1476782595
EN seloutput NULL E:/ISE/alu/selOutput.vhd sub00/vhpl04 1476782592
AR statemachine behavioral E:/ISE/alu/statemachine.vhd sub00/vhpl01 1476782589
EN alu NULL E:/ISE/alu/alu.vhd sub00/vhpl02 1476782590
